slav11:25 82077 v3 e5 5 2.346796332974918
slav11:25 82077 v4 e5 6 2.3473615419934504
slav11:25 82077 v4 e5 6 2.346494125027675
slav11:25 82077 v3 e5 5 2.345373958989512
slav11:25 82077 v3 e5 5 2.34533525002189
slav11:25 82077 v4 e5 6 2.3475420419708826
slav11:36 64403 v4 f5 6 1.8412607919890434
slav11:36 64403 v3 f5 6 1.8410682909889147
slav11:36 64403 v3 f5 6 1.841911333031021
slav11:36 64403 v4 f5 6 1.8417534999898635
slav11:36 64403 v4 f5 6 1.8419782500131987
slav11:36 64403 v3 f5 6 1.8405252499505877
slav12:21 89937 v3 Nxe4 5 2.5021212910069153
slav12:21 89937 v4 Qxd1+ 6 2.501732583041303
slav12:21 89937 v4 Qxd1+ 6 2.501547332969494
slav12:21 89937 v3 Nxe4 5 2.500285916030407
slav12:21 89937 v3 Nxe4 5 2.5018429170013405
slav12:21 89937 v4 Qxd1+ 6 2.50015529099619
slav12:22 87933 v4 Nd6 6 2.5023891250020824
slav12:22 87933 v3 Nd6 5 2.500574167002924
slav12:22 87933 v3 Nd6 5 2.5023609999916516
slav12:22 87933 v4 Nd6 6 2.5011932080378756
slav12:22 87933 v4 Nd6 6 2.501834249997046
slav12:22 87933 v3 Nd6 5 2.502388624998275
