1/20 ruy_lopez agent=white: draw by threefold_repetition (+0 =1 -0)
2/20 ruy_lopez agent=black: black by checkmate (+1 =1 -0)
3/20 sicilian agent=white: white by checkmate (+2 =1 -0)
4/20 sicilian agent=black: draw by threefold_repetition (+2 =2 -0)
5/20 french agent=white: draw by threefold_repetition (+2 =3 -0)
6/20 french agent=black: white by checkmate (+2 =3 -1)
7/20 caro_kann agent=white: white by checkmate (+3 =3 -1)
8/20 caro_kann agent=black: white by checkmate (+3 =3 -2)
9/20 queens_gambit agent=white: black by checkmate (+3 =3 -3)
10/20 queens_gambit agent=black: white by checkmate (+3 =3 -4)
11/20 slav agent=white: white by checkmate (+4 =3 -4)
12/20 slav agent=black: draw by threefold_repetition (+4 =4 -4)
13/20 kings_indian agent=white: white by checkmate (+5 =4 -4)
14/20 kings_indian agent=black: draw by threefold_repetition (+5 =5 -4)
15/20 english agent=white: draw by insufficient_material (+5 =6 -4)
16/20 english agent=black: draw by threefold_repetition (+5 =7 -4)
17/20 scotch agent=white: white by checkmate (+6 =7 -4)
18/20 scotch agent=black: draw by threefold_repetition (+6 =8 -4)
19/20 italian agent=white: white by checkmate (+7 =8 -4)
20/20 italian agent=black: white by checkmate (+7 =8 -5)
Final: +7 =8 -5, failures=0
